

          ***********************************************************************************************************************
          * starting python script </home/gerard/Development/zbasetools/common/postlinkcopy.py> at <2024-05-21 11:51:14.637925> *
          ***********************************************************************************************************************
                        This logfile is <zcontent.log>
                        Detected Operating System <LINUX>

Argument list

arg#1 Actions <CLEANCOPY>
arg#2 Processing module <zcontent>
arg#3 Source root directory </home/gerard/Development/zbasetools/zcontent>
arg#4 Destination root directory   </home/gerard/Development/zbasetools/include>
arg#5 Paths are [<headers list>]
arg#6 Target destination for libraries </home/gerard/Development/zbasetools/bin/debug>
arg#7 Library(ies) to copy <zcontent>

Phase 1 :
Copying include files from development context to their destination
Destination root directory /home/gerard/Development/zbasetools/include
Actions requested
    Clean target include directory before copying include files (CLEANCOPY)
    Create subdirectories within include files target directory and dispatch include files as source (SUBDIR)
Cleaning target directories...
CLEANCOPY: cleaning directory </home/gerard/Development/zbasetools/include/zcontent/zrandomfile>
CLEANCOPY: removing <zrfutilities.h>
CLEANCOPY: removing <zblockpool.h>
CLEANCOPY: removing <zsearchargument.h>
CLEANCOPY: removing <zrandomfiletypes.h>
CLEANCOPY: removing <zheadercontrolblock.h>
CLEANCOPY: removing <zrandomfile_doc.h>
CLEANCOPY: removing <zrfpms.h>
CLEANCOPY: removing <zfiledescriptor.h>
CLEANCOPY: removing <zrandomfile_quickstart_doc.h>
CLEANCOPY: removing <zrandomfile.h>
CLEANCOPY: removing <zblock.h>
CLEANCOPY: removing <zrecordaccesstable.h>
CLEANCOPY: removing <zrandomlockfile.h>
CLEANCOPY: removing <zrfcollection.h>
CLEANCOPY: removing <zfilecontrolblock.h>
            15  files deleted
CLEANCOPY: cleaning directory </home/gerard/Development/zbasetools/include/zcontent/zcontentutils>
CLEANCOPY: removing <zentity.h>
            1  files deleted
CLEANCOPY: cleaning directory </home/gerard/Development/zbasetools/include/zcontent/zindexedfile>
CLEANCOPY: removing <zindexdata.h>
CLEANCOPY: removing <zsearchparsertype.h>
CLEANCOPY: removing <zmf_limits.h>
CLEANCOPY: removing <zmfdictionary.h>
CLEANCOPY: removing <zfielddescription.h>
CLEANCOPY: removing <zicm_todo_test.h>
CLEANCOPY: removing <zsearch.h>
CLEANCOPY: removing <zselclause.h>
CLEANCOPY: removing <zdataconversion.h>
CLEANCOPY: removing <zindexfield.h>
CLEANCOPY: removing <zkeydictionary.h>
CLEANCOPY: removing <zsearchsymbol.h>
CLEANCOPY: removing <zjournal_doc.h>
CLEANCOPY: removing <zmfstats.h>
CLEANCOPY: removing <bckelement.h>
CLEANCOPY: removing <zsearchoperand.h>
CLEANCOPY: removing <zmastercontrolblock.h>
CLEANCOPY: removing <zrawrecord.h>
CLEANCOPY: removing <zsearchentitycontext.h>
CLEANCOPY: removing <zsjournalcontrolblock.h>
CLEANCOPY: removing <zsearchfield.h>
CLEANCOPY: removing <zdatatype.h>
CLEANCOPY: removing <zsearchtokenizer.h>
CLEANCOPY: removing <zindexitem.h>
CLEANCOPY: removing <zmasterfiletype.h>
CLEANCOPY: removing <zmetadic.h>
CLEANCOPY: removing <zsearchentity.h>
CLEANCOPY: removing <zdictionaryfile.h>
CLEANCOPY: removing <zmasterfile_quickstart_doc.h>
CLEANCOPY: removing <zmasterfile.h>
CLEANCOPY: removing <zindexcollection.h>
CLEANCOPY: removing <zsearchdictionary.h>
CLEANCOPY: removing <zindexfile_doc.h>
CLEANCOPY: removing <zmasterfile_doc.h>
CLEANCOPY: removing <zindextable.h>
CLEANCOPY: removing <zmasterfile_utilities.h>
CLEANCOPY: removing <zsearchparser.h>
CLEANCOPY: removing <zsearchhistory.h>
CLEANCOPY: removing <zurffromnatural.h>
CLEANCOPY: removing <zsearcharithmeticterm.h>
CLEANCOPY: removing <zsearchlogicalterm.h>
CLEANCOPY: removing <zindexedfile_release.h>
CLEANCOPY: removing <zsearchfileentity.h>
CLEANCOPY: removing <zindextype.h>
CLEANCOPY: removing <zmfconfig.h>
CLEANCOPY: removing <zrawindexfile.h>
CLEANCOPY: removing <zindexcontrolblock.h>
CLEANCOPY: removing <zicmmain_doc.h>
CLEANCOPY: removing <zrawmasterfile.h>
CLEANCOPY: removing <znaturalfromurf.h>
CLEANCOPY: removing <zrawmasterfileutils.h>
CLEANCOPY: removing <zsearchcontext.h>
CLEANCOPY: removing <zsearchtoken.h>
CLEANCOPY: removing <zjournal.h>
            54  files deleted
CLEANCOPY: cleaning directory </home/gerard/Development/zbasetools/include/zcontent/zcontentcommon>
CLEANCOPY: removing <zresource.h>
CLEANCOPY: removing <zoperation.h>
CLEANCOPY: removing <urffield.h>
CLEANCOPY: removing <zlock.h>
CLEANCOPY: removing <zidentity.h>
CLEANCOPY: removing <zcontentconstants.h>
CLEANCOPY: removing <zgeneralparameters.h>
CLEANCOPY: removing <zresult.h>
CLEANCOPY: removing <urfparser.h>
            9  files deleted

---Warning---: file </home/gerard/Development/zbasetools/config/zconfig_general.h> appears to be out of project directory: no action made

---Warning---: file </home/gerard/Development/zbasetools/config/zconfig.h> appears to be out of project directory: no action made
Source Path is </home/gerard/Development/zbasetools/zcontent/zcontentcommon/urffield.h> relative path is <zcontentcommon/urffield.h>
copying file </home/gerard/Development/zbasetools/zcontent/zcontentcommon/urffield.h> -> </home/gerard/Development/zbasetools/include/zcontent/zcontentcommon/urffield.h>
File </home/gerard/Development/zbasetools/include/zcontent/zcontentcommon/urffield.h> has been copied
Source Path is </home/gerard/Development/zbasetools/zcontent/zcontentcommon/urfparser.h> relative path is <zcontentcommon/urfparser.h>
copying file </home/gerard/Development/zbasetools/zcontent/zcontentcommon/urfparser.h> -> </home/gerard/Development/zbasetools/include/zcontent/zcontentcommon/urfparser.h>
File </home/gerard/Development/zbasetools/include/zcontent/zcontentcommon/urfparser.h> has been copied
Source Path is </home/gerard/Development/zbasetools/zcontent/zcontentcommon/zcontentconstants.h> relative path is <zcontentcommon/zcontentconstants.h>
copying file </home/gerard/Development/zbasetools/zcontent/zcontentcommon/zcontentconstants.h> -> </home/gerard/Development/zbasetools/include/zcontent/zcontentcommon/zcontentconstants.h>
File </home/gerard/Development/zbasetools/include/zcontent/zcontentcommon/zcontentconstants.h> has been copied
Source Path is </home/gerard/Development/zbasetools/zcontent/zcontentcommon/zidentity.h> relative path is <zcontentcommon/zidentity.h>
copying file </home/gerard/Development/zbasetools/zcontent/zcontentcommon/zidentity.h> -> </home/gerard/Development/zbasetools/include/zcontent/zcontentcommon/zidentity.h>
File </home/gerard/Development/zbasetools/include/zcontent/zcontentcommon/zidentity.h> has been copied
Source Path is </home/gerard/Development/zbasetools/zcontent/zcontentcommon/zlock.h> relative path is <zcontentcommon/zlock.h>
copying file </home/gerard/Development/zbasetools/zcontent/zcontentcommon/zlock.h> -> </home/gerard/Development/zbasetools/include/zcontent/zcontentcommon/zlock.h>
File </home/gerard/Development/zbasetools/include/zcontent/zcontentcommon/zlock.h> has been copied
Source Path is </home/gerard/Development/zbasetools/zcontent/zcontentcommon/zoperation.h> relative path is <zcontentcommon/zoperation.h>
copying file </home/gerard/Development/zbasetools/zcontent/zcontentcommon/zoperation.h> -> </home/gerard/Development/zbasetools/include/zcontent/zcontentcommon/zoperation.h>
File </home/gerard/Development/zbasetools/include/zcontent/zcontentcommon/zoperation.h> has been copied
Source Path is </home/gerard/Development/zbasetools/zcontent/zcontentcommon/zresource.h> relative path is <zcontentcommon/zresource.h>
copying file </home/gerard/Development/zbasetools/zcontent/zcontentcommon/zresource.h> -> </home/gerard/Development/zbasetools/include/zcontent/zcontentcommon/zresource.h>
File </home/gerard/Development/zbasetools/include/zcontent/zcontentcommon/zresource.h> has been copied
Source Path is </home/gerard/Development/zbasetools/zcontent/zcontentcommon/zresult.h> relative path is <zcontentcommon/zresult.h>
copying file </home/gerard/Development/zbasetools/zcontent/zcontentcommon/zresult.h> -> </home/gerard/Development/zbasetools/include/zcontent/zcontentcommon/zresult.h>
File </home/gerard/Development/zbasetools/include/zcontent/zcontentcommon/zresult.h> has been copied
Source Path is </home/gerard/Development/zbasetools/zcontent/zcontentcommon/zresult.h> relative path is <zcontentcommon/zresult.h>
copying file </home/gerard/Development/zbasetools/zcontent/zcontentcommon/zresult.h> -> </home/gerard/Development/zbasetools/include/zcontent/zcontentcommon/zresult.h>
File </home/gerard/Development/zbasetools/include/zcontent/zcontentcommon/zresult.h> has been copied
Source Path is </home/gerard/Development/zbasetools/zcontent/zcontentutils/zentity.h> relative path is <zcontentutils/zentity.h>
copying file </home/gerard/Development/zbasetools/zcontent/zcontentutils/zentity.h> -> </home/gerard/Development/zbasetools/include/zcontent/zcontentutils/zentity.h>
File </home/gerard/Development/zbasetools/include/zcontent/zcontentutils/zentity.h> has been copied
Source Path is </home/gerard/Development/zbasetools/zcontent/zindexedfile/bckelement.h> relative path is <zindexedfile/bckelement.h>
copying file </home/gerard/Development/zbasetools/zcontent/zindexedfile/bckelement.h> -> </home/gerard/Development/zbasetools/include/zcontent/zindexedfile/bckelement.h>
File </home/gerard/Development/zbasetools/include/zcontent/zindexedfile/bckelement.h> has been copied
Source Path is </home/gerard/Development/zbasetools/zcontent/zindexedfile/zdataconversion.h> relative path is <zindexedfile/zdataconversion.h>
copying file </home/gerard/Development/zbasetools/zcontent/zindexedfile/zdataconversion.h> -> </home/gerard/Development/zbasetools/include/zcontent/zindexedfile/zdataconversion.h>
File </home/gerard/Development/zbasetools/include/zcontent/zindexedfile/zdataconversion.h> has been copied
Source Path is </home/gerard/Development/zbasetools/zcontent/zindexedfile/zdatatype.h> relative path is <zindexedfile/zdatatype.h>
copying file </home/gerard/Development/zbasetools/zcontent/zindexedfile/zdatatype.h> -> </home/gerard/Development/zbasetools/include/zcontent/zindexedfile/zdatatype.h>
File </home/gerard/Development/zbasetools/include/zcontent/zindexedfile/zdatatype.h> has been copied
Source Path is </home/gerard/Development/zbasetools/zcontent/zindexedfile/zdictionaryfile.h> relative path is <zindexedfile/zdictionaryfile.h>
copying file </home/gerard/Development/zbasetools/zcontent/zindexedfile/zdictionaryfile.h> -> </home/gerard/Development/zbasetools/include/zcontent/zindexedfile/zdictionaryfile.h>
File </home/gerard/Development/zbasetools/include/zcontent/zindexedfile/zdictionaryfile.h> has been copied
Source Path is </home/gerard/Development/zbasetools/zcontent/zindexedfile/zfielddescription.h> relative path is <zindexedfile/zfielddescription.h>
copying file </home/gerard/Development/zbasetools/zcontent/zindexedfile/zfielddescription.h> -> </home/gerard/Development/zbasetools/include/zcontent/zindexedfile/zfielddescription.h>
File </home/gerard/Development/zbasetools/include/zcontent/zindexedfile/zfielddescription.h> has been copied
Source Path is </home/gerard/Development/zbasetools/zcontent/zindexedfile/zindexcollection.h> relative path is <zindexedfile/zindexcollection.h>
copying file </home/gerard/Development/zbasetools/zcontent/zindexedfile/zindexcollection.h> -> </home/gerard/Development/zbasetools/include/zcontent/zindexedfile/zindexcollection.h>
File </home/gerard/Development/zbasetools/include/zcontent/zindexedfile/zindexcollection.h> has been copied
Source Path is </home/gerard/Development/zbasetools/zcontent/zindexedfile/zindexcontrolblock.h> relative path is <zindexedfile/zindexcontrolblock.h>
copying file </home/gerard/Development/zbasetools/zcontent/zindexedfile/zindexcontrolblock.h> -> </home/gerard/Development/zbasetools/include/zcontent/zindexedfile/zindexcontrolblock.h>
File </home/gerard/Development/zbasetools/include/zcontent/zindexedfile/zindexcontrolblock.h> has been copied
Source Path is </home/gerard/Development/zbasetools/zcontent/zindexedfile/zindexdata.h> relative path is <zindexedfile/zindexdata.h>
copying file </home/gerard/Development/zbasetools/zcontent/zindexedfile/zindexdata.h> -> </home/gerard/Development/zbasetools/include/zcontent/zindexedfile/zindexdata.h>
File </home/gerard/Development/zbasetools/include/zcontent/zindexedfile/zindexdata.h> has been copied
Source Path is </home/gerard/Development/zbasetools/zcontent/zindexedfile/zindexedfile_release.h> relative path is <zindexedfile/zindexedfile_release.h>
copying file </home/gerard/Development/zbasetools/zcontent/zindexedfile/zindexedfile_release.h> -> </home/gerard/Development/zbasetools/include/zcontent/zindexedfile/zindexedfile_release.h>
File </home/gerard/Development/zbasetools/include/zcontent/zindexedfile/zindexedfile_release.h> has been copied
Source Path is </home/gerard/Development/zbasetools/zcontent/zindexedfile/zindexfield.h> relative path is <zindexedfile/zindexfield.h>
copying file </home/gerard/Development/zbasetools/zcontent/zindexedfile/zindexfield.h> -> </home/gerard/Development/zbasetools/include/zcontent/zindexedfile/zindexfield.h>
File </home/gerard/Development/zbasetools/include/zcontent/zindexedfile/zindexfield.h> has been copied
Source Path is </home/gerard/Development/zbasetools/zcontent/zindexedfile/zindexitem.h> relative path is <zindexedfile/zindexitem.h>
copying file </home/gerard/Development/zbasetools/zcontent/zindexedfile/zindexitem.h> -> </home/gerard/Development/zbasetools/include/zcontent/zindexedfile/zindexitem.h>
File </home/gerard/Development/zbasetools/include/zcontent/zindexedfile/zindexitem.h> has been copied
Source Path is </home/gerard/Development/zbasetools/zcontent/zindexedfile/zindextable.h> relative path is <zindexedfile/zindextable.h>
copying file </home/gerard/Development/zbasetools/zcontent/zindexedfile/zindextable.h> -> </home/gerard/Development/zbasetools/include/zcontent/zindexedfile/zindextable.h>
File </home/gerard/Development/zbasetools/include/zcontent/zindexedfile/zindextable.h> has been copied
Source Path is </home/gerard/Development/zbasetools/zcontent/zindexedfile/zindextype.h> relative path is <zindexedfile/zindextype.h>
copying file </home/gerard/Development/zbasetools/zcontent/zindexedfile/zindextype.h> -> </home/gerard/Development/zbasetools/include/zcontent/zindexedfile/zindextype.h>
File </home/gerard/Development/zbasetools/include/zcontent/zindexedfile/zindextype.h> has been copied
Source Path is </home/gerard/Development/zbasetools/zcontent/zindexedfile/zjournal.h> relative path is <zindexedfile/zjournal.h>
copying file </home/gerard/Development/zbasetools/zcontent/zindexedfile/zjournal.h> -> </home/gerard/Development/zbasetools/include/zcontent/zindexedfile/zjournal.h>
File </home/gerard/Development/zbasetools/include/zcontent/zindexedfile/zjournal.h> has been copied
Source Path is </home/gerard/Development/zbasetools/zcontent/zindexedfile/zkeydictionary.h> relative path is <zindexedfile/zkeydictionary.h>
copying file </home/gerard/Development/zbasetools/zcontent/zindexedfile/zkeydictionary.h> -> </home/gerard/Development/zbasetools/include/zcontent/zindexedfile/zkeydictionary.h>
File </home/gerard/Development/zbasetools/include/zcontent/zindexedfile/zkeydictionary.h> has been copied
Source Path is </home/gerard/Development/zbasetools/zcontent/zindexedfile/zmastercontrolblock.h> relative path is <zindexedfile/zmastercontrolblock.h>
copying file </home/gerard/Development/zbasetools/zcontent/zindexedfile/zmastercontrolblock.h> -> </home/gerard/Development/zbasetools/include/zcontent/zindexedfile/zmastercontrolblock.h>
File </home/gerard/Development/zbasetools/include/zcontent/zindexedfile/zmastercontrolblock.h> has been copied
Source Path is </home/gerard/Development/zbasetools/zcontent/zindexedfile/zmasterfile.h> relative path is <zindexedfile/zmasterfile.h>
copying file </home/gerard/Development/zbasetools/zcontent/zindexedfile/zmasterfile.h> -> </home/gerard/Development/zbasetools/include/zcontent/zindexedfile/zmasterfile.h>
File </home/gerard/Development/zbasetools/include/zcontent/zindexedfile/zmasterfile.h> has been copied
Source Path is </home/gerard/Development/zbasetools/zcontent/zindexedfile/zmasterfile_utilities.h> relative path is <zindexedfile/zmasterfile_utilities.h>
copying file </home/gerard/Development/zbasetools/zcontent/zindexedfile/zmasterfile_utilities.h> -> </home/gerard/Development/zbasetools/include/zcontent/zindexedfile/zmasterfile_utilities.h>
File </home/gerard/Development/zbasetools/include/zcontent/zindexedfile/zmasterfile_utilities.h> has been copied
Source Path is </home/gerard/Development/zbasetools/zcontent/zindexedfile/zmasterfiletype.h> relative path is <zindexedfile/zmasterfiletype.h>
copying file </home/gerard/Development/zbasetools/zcontent/zindexedfile/zmasterfiletype.h> -> </home/gerard/Development/zbasetools/include/zcontent/zindexedfile/zmasterfiletype.h>
File </home/gerard/Development/zbasetools/include/zcontent/zindexedfile/zmasterfiletype.h> has been copied
Source Path is </home/gerard/Development/zbasetools/zcontent/zindexedfile/zmetadic.h> relative path is <zindexedfile/zmetadic.h>
copying file </home/gerard/Development/zbasetools/zcontent/zindexedfile/zmetadic.h> -> </home/gerard/Development/zbasetools/include/zcontent/zindexedfile/zmetadic.h>
File </home/gerard/Development/zbasetools/include/zcontent/zindexedfile/zmetadic.h> has been copied
Source Path is </home/gerard/Development/zbasetools/zcontent/zindexedfile/zmf_limits.h> relative path is <zindexedfile/zmf_limits.h>
copying file </home/gerard/Development/zbasetools/zcontent/zindexedfile/zmf_limits.h> -> </home/gerard/Development/zbasetools/include/zcontent/zindexedfile/zmf_limits.h>
File </home/gerard/Development/zbasetools/include/zcontent/zindexedfile/zmf_limits.h> has been copied
Source Path is </home/gerard/Development/zbasetools/zcontent/zindexedfile/zmfdictionary.h> relative path is <zindexedfile/zmfdictionary.h>
copying file </home/gerard/Development/zbasetools/zcontent/zindexedfile/zmfdictionary.h> -> </home/gerard/Development/zbasetools/include/zcontent/zindexedfile/zmfdictionary.h>
File </home/gerard/Development/zbasetools/include/zcontent/zindexedfile/zmfdictionary.h> has been copied
Source Path is </home/gerard/Development/zbasetools/zcontent/zindexedfile/zmfstats.h> relative path is <zindexedfile/zmfstats.h>
copying file </home/gerard/Development/zbasetools/zcontent/zindexedfile/zmfstats.h> -> </home/gerard/Development/zbasetools/include/zcontent/zindexedfile/zmfstats.h>
File </home/gerard/Development/zbasetools/include/zcontent/zindexedfile/zmfstats.h> has been copied
Source Path is </home/gerard/Development/zbasetools/zcontent/zindexedfile/znaturalfromurf.h> relative path is <zindexedfile/znaturalfromurf.h>
copying file </home/gerard/Development/zbasetools/zcontent/zindexedfile/znaturalfromurf.h> -> </home/gerard/Development/zbasetools/include/zcontent/zindexedfile/znaturalfromurf.h>
File </home/gerard/Development/zbasetools/include/zcontent/zindexedfile/znaturalfromurf.h> has been copied
Source Path is </home/gerard/Development/zbasetools/zcontent/zindexedfile/zrawindexfile.h> relative path is <zindexedfile/zrawindexfile.h>
copying file </home/gerard/Development/zbasetools/zcontent/zindexedfile/zrawindexfile.h> -> </home/gerard/Development/zbasetools/include/zcontent/zindexedfile/zrawindexfile.h>
File </home/gerard/Development/zbasetools/include/zcontent/zindexedfile/zrawindexfile.h> has been copied
Source Path is </home/gerard/Development/zbasetools/zcontent/zindexedfile/zrawmasterfile.h> relative path is <zindexedfile/zrawmasterfile.h>
copying file </home/gerard/Development/zbasetools/zcontent/zindexedfile/zrawmasterfile.h> -> </home/gerard/Development/zbasetools/include/zcontent/zindexedfile/zrawmasterfile.h>
File </home/gerard/Development/zbasetools/include/zcontent/zindexedfile/zrawmasterfile.h> has been copied
Source Path is </home/gerard/Development/zbasetools/zcontent/zindexedfile/zrawmasterfileutils.h> relative path is <zindexedfile/zrawmasterfileutils.h>
copying file </home/gerard/Development/zbasetools/zcontent/zindexedfile/zrawmasterfileutils.h> -> </home/gerard/Development/zbasetools/include/zcontent/zindexedfile/zrawmasterfileutils.h>
File </home/gerard/Development/zbasetools/include/zcontent/zindexedfile/zrawmasterfileutils.h> has been copied
Source Path is </home/gerard/Development/zbasetools/zcontent/zindexedfile/zrawrecord.h> relative path is <zindexedfile/zrawrecord.h>
copying file </home/gerard/Development/zbasetools/zcontent/zindexedfile/zrawrecord.h> -> </home/gerard/Development/zbasetools/include/zcontent/zindexedfile/zrawrecord.h>
File </home/gerard/Development/zbasetools/include/zcontent/zindexedfile/zrawrecord.h> has been copied
Source Path is </home/gerard/Development/zbasetools/zcontent/zindexedfile/zsjournalcontrolblock.h> relative path is <zindexedfile/zsjournalcontrolblock.h>
copying file </home/gerard/Development/zbasetools/zcontent/zindexedfile/zsjournalcontrolblock.h> -> </home/gerard/Development/zbasetools/include/zcontent/zindexedfile/zsjournalcontrolblock.h>
File </home/gerard/Development/zbasetools/include/zcontent/zindexedfile/zsjournalcontrolblock.h> has been copied
Source Path is </home/gerard/Development/zbasetools/zcontent/zindexedfile/zurffromnatural.h> relative path is <zindexedfile/zurffromnatural.h>
copying file </home/gerard/Development/zbasetools/zcontent/zindexedfile/zurffromnatural.h> -> </home/gerard/Development/zbasetools/include/zcontent/zindexedfile/zurffromnatural.h>
File </home/gerard/Development/zbasetools/include/zcontent/zindexedfile/zurffromnatural.h> has been copied
Source Path is </home/gerard/Development/zbasetools/zcontent/zrandomfile/zblock.h> relative path is <zrandomfile/zblock.h>
copying file </home/gerard/Development/zbasetools/zcontent/zrandomfile/zblock.h> -> </home/gerard/Development/zbasetools/include/zcontent/zrandomfile/zblock.h>
File </home/gerard/Development/zbasetools/include/zcontent/zrandomfile/zblock.h> has been copied
Source Path is </home/gerard/Development/zbasetools/zcontent/zrandomfile/zblockpool.h> relative path is <zrandomfile/zblockpool.h>
copying file </home/gerard/Development/zbasetools/zcontent/zrandomfile/zblockpool.h> -> </home/gerard/Development/zbasetools/include/zcontent/zrandomfile/zblockpool.h>
File </home/gerard/Development/zbasetools/include/zcontent/zrandomfile/zblockpool.h> has been copied
Source Path is </home/gerard/Development/zbasetools/zcontent/zrandomfile/zfilecontrolblock.h> relative path is <zrandomfile/zfilecontrolblock.h>
copying file </home/gerard/Development/zbasetools/zcontent/zrandomfile/zfilecontrolblock.h> -> </home/gerard/Development/zbasetools/include/zcontent/zrandomfile/zfilecontrolblock.h>
File </home/gerard/Development/zbasetools/include/zcontent/zrandomfile/zfilecontrolblock.h> has been copied
Source Path is </home/gerard/Development/zbasetools/zcontent/zrandomfile/zfiledescriptor.h> relative path is <zrandomfile/zfiledescriptor.h>
copying file </home/gerard/Development/zbasetools/zcontent/zrandomfile/zfiledescriptor.h> -> </home/gerard/Development/zbasetools/include/zcontent/zrandomfile/zfiledescriptor.h>
File </home/gerard/Development/zbasetools/include/zcontent/zrandomfile/zfiledescriptor.h> has been copied
Source Path is </home/gerard/Development/zbasetools/zcontent/zrandomfile/zheadercontrolblock.h> relative path is <zrandomfile/zheadercontrolblock.h>
copying file </home/gerard/Development/zbasetools/zcontent/zrandomfile/zheadercontrolblock.h> -> </home/gerard/Development/zbasetools/include/zcontent/zrandomfile/zheadercontrolblock.h>
File </home/gerard/Development/zbasetools/include/zcontent/zrandomfile/zheadercontrolblock.h> has been copied
Source Path is </home/gerard/Development/zbasetools/zcontent/zrandomfile/zrandomlockfile.h> relative path is <zrandomfile/zrandomlockfile.h>
copying file </home/gerard/Development/zbasetools/zcontent/zrandomfile/zrandomlockfile.h> -> </home/gerard/Development/zbasetools/include/zcontent/zrandomfile/zrandomlockfile.h>
File </home/gerard/Development/zbasetools/include/zcontent/zrandomfile/zrandomlockfile.h> has been copied
Source Path is </home/gerard/Development/zbasetools/zcontent/zrandomfile/zrfcollection.h> relative path is <zrandomfile/zrfcollection.h>
copying file </home/gerard/Development/zbasetools/zcontent/zrandomfile/zrfcollection.h> -> </home/gerard/Development/zbasetools/include/zcontent/zrandomfile/zrfcollection.h>
File </home/gerard/Development/zbasetools/include/zcontent/zrandomfile/zrfcollection.h> has been copied
Source Path is </home/gerard/Development/zbasetools/zcontent/zrandomfile/zrfpms.h> relative path is <zrandomfile/zrfpms.h>
copying file </home/gerard/Development/zbasetools/zcontent/zrandomfile/zrfpms.h> -> </home/gerard/Development/zbasetools/include/zcontent/zrandomfile/zrfpms.h>
File </home/gerard/Development/zbasetools/include/zcontent/zrandomfile/zrfpms.h> has been copied
Source Path is </home/gerard/Development/zbasetools/zcontent/zrandomfile/zrfutilities.h> relative path is <zrandomfile/zrfutilities.h>
copying file </home/gerard/Development/zbasetools/zcontent/zrandomfile/zrfutilities.h> -> </home/gerard/Development/zbasetools/include/zcontent/zrandomfile/zrfutilities.h>
File </home/gerard/Development/zbasetools/include/zcontent/zrandomfile/zrfutilities.h> has been copied
Source Path is </home/gerard/Development/zbasetools/zcontent/zrandomfile/zsearchargument.h> relative path is <zrandomfile/zsearchargument.h>
copying file </home/gerard/Development/zbasetools/zcontent/zrandomfile/zsearchargument.h> -> </home/gerard/Development/zbasetools/include/zcontent/zrandomfile/zsearchargument.h>
File </home/gerard/Development/zbasetools/include/zcontent/zrandomfile/zsearchargument.h> has been copied
Source Path is </home/gerard/Development/zbasetools/zcontent/zrandomfile/zrandomfile.h> relative path is <zrandomfile/zrandomfile.h>
copying file </home/gerard/Development/zbasetools/zcontent/zrandomfile/zrandomfile.h> -> </home/gerard/Development/zbasetools/include/zcontent/zrandomfile/zrandomfile.h>
File </home/gerard/Development/zbasetools/include/zcontent/zrandomfile/zrandomfile.h> has been copied
Source Path is </home/gerard/Development/zbasetools/zcontent/zrandomfile/zrandomfiletypes.h> relative path is <zrandomfile/zrandomfiletypes.h>
copying file </home/gerard/Development/zbasetools/zcontent/zrandomfile/zrandomfiletypes.h> -> </home/gerard/Development/zbasetools/include/zcontent/zrandomfile/zrandomfiletypes.h>
File </home/gerard/Development/zbasetools/include/zcontent/zrandomfile/zrandomfiletypes.h> has been copied
Source Path is </home/gerard/Development/zbasetools/zcontent/zrandomfile/zrecordaccesstable.h> relative path is <zrandomfile/zrecordaccesstable.h>
copying file </home/gerard/Development/zbasetools/zcontent/zrandomfile/zrecordaccesstable.h> -> </home/gerard/Development/zbasetools/include/zcontent/zrandomfile/zrecordaccesstable.h>
File </home/gerard/Development/zbasetools/include/zcontent/zrandomfile/zrecordaccesstable.h> has been copied
Source Path is </home/gerard/Development/zbasetools/zcontent/zrandomfile/zrfcollection.h> relative path is <zrandomfile/zrfcollection.h>
copying file </home/gerard/Development/zbasetools/zcontent/zrandomfile/zrfcollection.h> -> </home/gerard/Development/zbasetools/include/zcontent/zrandomfile/zrfcollection.h>
File </home/gerard/Development/zbasetools/include/zcontent/zrandomfile/zrfcollection.h> has been copied
Source Path is </home/gerard/Development/zbasetools/zcontent/zindexedfile/zicm_todo_test.h> relative path is <zindexedfile/zicm_todo_test.h>
copying file </home/gerard/Development/zbasetools/zcontent/zindexedfile/zicm_todo_test.h> -> </home/gerard/Development/zbasetools/include/zcontent/zindexedfile/zicm_todo_test.h>
File </home/gerard/Development/zbasetools/include/zcontent/zindexedfile/zicm_todo_test.h> has been copied
Source Path is </home/gerard/Development/zbasetools/zcontent/zrandomfile/zrandomfile_doc.h> relative path is <zrandomfile/zrandomfile_doc.h>
copying file </home/gerard/Development/zbasetools/zcontent/zrandomfile/zrandomfile_doc.h> -> </home/gerard/Development/zbasetools/include/zcontent/zrandomfile/zrandomfile_doc.h>
File </home/gerard/Development/zbasetools/include/zcontent/zrandomfile/zrandomfile_doc.h> has been copied
Source Path is </home/gerard/Development/zbasetools/zcontent/zrandomfile/zrandomfile_quickstart_doc.h> relative path is <zrandomfile/zrandomfile_quickstart_doc.h>
copying file </home/gerard/Development/zbasetools/zcontent/zrandomfile/zrandomfile_quickstart_doc.h> -> </home/gerard/Development/zbasetools/include/zcontent/zrandomfile/zrandomfile_quickstart_doc.h>
File </home/gerard/Development/zbasetools/include/zcontent/zrandomfile/zrandomfile_quickstart_doc.h> has been copied
Source Path is </home/gerard/Development/zbasetools/zcontent/zindexedfile/zmasterfile_quickstart_doc.h> relative path is <zindexedfile/zmasterfile_quickstart_doc.h>
copying file </home/gerard/Development/zbasetools/zcontent/zindexedfile/zmasterfile_quickstart_doc.h> -> </home/gerard/Development/zbasetools/include/zcontent/zindexedfile/zmasterfile_quickstart_doc.h>
File </home/gerard/Development/zbasetools/include/zcontent/zindexedfile/zmasterfile_quickstart_doc.h> has been copied
Source Path is </home/gerard/Development/zbasetools/zcontent/zindexedfile/zmasterfile_doc.h> relative path is <zindexedfile/zmasterfile_doc.h>
copying file </home/gerard/Development/zbasetools/zcontent/zindexedfile/zmasterfile_doc.h> -> </home/gerard/Development/zbasetools/include/zcontent/zindexedfile/zmasterfile_doc.h>
File </home/gerard/Development/zbasetools/include/zcontent/zindexedfile/zmasterfile_doc.h> has been copied
Source Path is </home/gerard/Development/zbasetools/zcontent/zindexedfile/zicmmain_doc.h> relative path is <zindexedfile/zicmmain_doc.h>
copying file </home/gerard/Development/zbasetools/zcontent/zindexedfile/zicmmain_doc.h> -> </home/gerard/Development/zbasetools/include/zcontent/zindexedfile/zicmmain_doc.h>
File </home/gerard/Development/zbasetools/include/zcontent/zindexedfile/zicmmain_doc.h> has been copied
Source Path is </home/gerard/Development/zbasetools/zcontent/zindexedfile/zindexfile_doc.h> relative path is <zindexedfile/zindexfile_doc.h>
copying file </home/gerard/Development/zbasetools/zcontent/zindexedfile/zindexfile_doc.h> -> </home/gerard/Development/zbasetools/include/zcontent/zindexedfile/zindexfile_doc.h>
File </home/gerard/Development/zbasetools/include/zcontent/zindexedfile/zindexfile_doc.h> has been copied
Source Path is </home/gerard/Development/zbasetools/zcontent/zindexedfile/zjournal_doc.h> relative path is <zindexedfile/zjournal_doc.h>
copying file </home/gerard/Development/zbasetools/zcontent/zindexedfile/zjournal_doc.h> -> </home/gerard/Development/zbasetools/include/zcontent/zindexedfile/zjournal_doc.h>
File </home/gerard/Development/zbasetools/include/zcontent/zindexedfile/zjournal_doc.h> has been copied
Source Path is </home/gerard/Development/zbasetools/zcontent/zindexedfile/zmfconfig.h> relative path is <zindexedfile/zmfconfig.h>
copying file </home/gerard/Development/zbasetools/zcontent/zindexedfile/zmfconfig.h> -> </home/gerard/Development/zbasetools/include/zcontent/zindexedfile/zmfconfig.h>
File </home/gerard/Development/zbasetools/include/zcontent/zindexedfile/zmfconfig.h> has been copied

---Warning---: file </home/gerard/Development/zbasetools/zbase/config/zconfig.h> appears to be out of project directory: no action made

---Warning---: file </home/gerard/Development/zbasetools/zbase/config/zconfig_general.h> appears to be out of project directory: no action made

---Warning---: file </home/gerard/Development/zbasetools/zbase/config/zconfig_zrf.h> appears to be out of project directory: no action made

---Warning---: file </home/gerard/Development/zbasetools/config/zconfig.h> appears to be out of project directory: no action made
Source Path is </home/gerard/Development/zbasetools/zcontent/zcontentcommon/zgeneralparameters.h> relative path is <zcontentcommon/zgeneralparameters.h>
copying file </home/gerard/Development/zbasetools/zcontent/zcontentcommon/zgeneralparameters.h> -> </home/gerard/Development/zbasetools/include/zcontent/zcontentcommon/zgeneralparameters.h>
File </home/gerard/Development/zbasetools/include/zcontent/zcontentcommon/zgeneralparameters.h> has been copied
Source Path is </home/gerard/Development/zbasetools/zcontent/zindexedfile/zsearch.h> relative path is <zindexedfile/zsearch.h>
copying file </home/gerard/Development/zbasetools/zcontent/zindexedfile/zsearch.h> -> </home/gerard/Development/zbasetools/include/zcontent/zindexedfile/zsearch.h>
File </home/gerard/Development/zbasetools/include/zcontent/zindexedfile/zsearch.h> has been copied
Source Path is </home/gerard/Development/zbasetools/zcontent/zindexedfile/zsearcharithmeticterm.h> relative path is <zindexedfile/zsearcharithmeticterm.h>
copying file </home/gerard/Development/zbasetools/zcontent/zindexedfile/zsearcharithmeticterm.h> -> </home/gerard/Development/zbasetools/include/zcontent/zindexedfile/zsearcharithmeticterm.h>
File </home/gerard/Development/zbasetools/include/zcontent/zindexedfile/zsearcharithmeticterm.h> has been copied
Source Path is </home/gerard/Development/zbasetools/zcontent/zindexedfile/zsearchcontext.h> relative path is <zindexedfile/zsearchcontext.h>
copying file </home/gerard/Development/zbasetools/zcontent/zindexedfile/zsearchcontext.h> -> </home/gerard/Development/zbasetools/include/zcontent/zindexedfile/zsearchcontext.h>
File </home/gerard/Development/zbasetools/include/zcontent/zindexedfile/zsearchcontext.h> has been copied
Source Path is </home/gerard/Development/zbasetools/zcontent/zindexedfile/zsearchdictionary.h> relative path is <zindexedfile/zsearchdictionary.h>
copying file </home/gerard/Development/zbasetools/zcontent/zindexedfile/zsearchdictionary.h> -> </home/gerard/Development/zbasetools/include/zcontent/zindexedfile/zsearchdictionary.h>
File </home/gerard/Development/zbasetools/include/zcontent/zindexedfile/zsearchdictionary.h> has been copied
Source Path is </home/gerard/Development/zbasetools/zcontent/zindexedfile/zsearchentity.h> relative path is <zindexedfile/zsearchentity.h>
copying file </home/gerard/Development/zbasetools/zcontent/zindexedfile/zsearchentity.h> -> </home/gerard/Development/zbasetools/include/zcontent/zindexedfile/zsearchentity.h>
File </home/gerard/Development/zbasetools/include/zcontent/zindexedfile/zsearchentity.h> has been copied
Source Path is </home/gerard/Development/zbasetools/zcontent/zindexedfile/zsearchentitycontext.h> relative path is <zindexedfile/zsearchentitycontext.h>
copying file </home/gerard/Development/zbasetools/zcontent/zindexedfile/zsearchentitycontext.h> -> </home/gerard/Development/zbasetools/include/zcontent/zindexedfile/zsearchentitycontext.h>
File </home/gerard/Development/zbasetools/include/zcontent/zindexedfile/zsearchentitycontext.h> has been copied
Source Path is </home/gerard/Development/zbasetools/zcontent/zindexedfile/zsearchfield.h> relative path is <zindexedfile/zsearchfield.h>
copying file </home/gerard/Development/zbasetools/zcontent/zindexedfile/zsearchfield.h> -> </home/gerard/Development/zbasetools/include/zcontent/zindexedfile/zsearchfield.h>
File </home/gerard/Development/zbasetools/include/zcontent/zindexedfile/zsearchfield.h> has been copied
Source Path is </home/gerard/Development/zbasetools/zcontent/zindexedfile/zsearchfileentity.h> relative path is <zindexedfile/zsearchfileentity.h>
copying file </home/gerard/Development/zbasetools/zcontent/zindexedfile/zsearchfileentity.h> -> </home/gerard/Development/zbasetools/include/zcontent/zindexedfile/zsearchfileentity.h>
File </home/gerard/Development/zbasetools/include/zcontent/zindexedfile/zsearchfileentity.h> has been copied
Source Path is </home/gerard/Development/zbasetools/zcontent/zindexedfile/zsearchhistory.h> relative path is <zindexedfile/zsearchhistory.h>
copying file </home/gerard/Development/zbasetools/zcontent/zindexedfile/zsearchhistory.h> -> </home/gerard/Development/zbasetools/include/zcontent/zindexedfile/zsearchhistory.h>
File </home/gerard/Development/zbasetools/include/zcontent/zindexedfile/zsearchhistory.h> has been copied
Source Path is </home/gerard/Development/zbasetools/zcontent/zindexedfile/zsearchlogicalterm.h> relative path is <zindexedfile/zsearchlogicalterm.h>
copying file </home/gerard/Development/zbasetools/zcontent/zindexedfile/zsearchlogicalterm.h> -> </home/gerard/Development/zbasetools/include/zcontent/zindexedfile/zsearchlogicalterm.h>
File </home/gerard/Development/zbasetools/include/zcontent/zindexedfile/zsearchlogicalterm.h> has been copied
Source Path is </home/gerard/Development/zbasetools/zcontent/zindexedfile/zsearchoperand.h> relative path is <zindexedfile/zsearchoperand.h>
copying file </home/gerard/Development/zbasetools/zcontent/zindexedfile/zsearchoperand.h> -> </home/gerard/Development/zbasetools/include/zcontent/zindexedfile/zsearchoperand.h>
File </home/gerard/Development/zbasetools/include/zcontent/zindexedfile/zsearchoperand.h> has been copied
Source Path is </home/gerard/Development/zbasetools/zcontent/zindexedfile/zsearchparser.h> relative path is <zindexedfile/zsearchparser.h>
copying file </home/gerard/Development/zbasetools/zcontent/zindexedfile/zsearchparser.h> -> </home/gerard/Development/zbasetools/include/zcontent/zindexedfile/zsearchparser.h>
File </home/gerard/Development/zbasetools/include/zcontent/zindexedfile/zsearchparser.h> has been copied
Source Path is </home/gerard/Development/zbasetools/zcontent/zindexedfile/zsearchparsertype.h> relative path is <zindexedfile/zsearchparsertype.h>
copying file </home/gerard/Development/zbasetools/zcontent/zindexedfile/zsearchparsertype.h> -> </home/gerard/Development/zbasetools/include/zcontent/zindexedfile/zsearchparsertype.h>
File </home/gerard/Development/zbasetools/include/zcontent/zindexedfile/zsearchparsertype.h> has been copied
Source Path is </home/gerard/Development/zbasetools/zcontent/zindexedfile/zsearchsymbol.h> relative path is <zindexedfile/zsearchsymbol.h>
copying file </home/gerard/Development/zbasetools/zcontent/zindexedfile/zsearchsymbol.h> -> </home/gerard/Development/zbasetools/include/zcontent/zindexedfile/zsearchsymbol.h>
File </home/gerard/Development/zbasetools/include/zcontent/zindexedfile/zsearchsymbol.h> has been copied
Source Path is </home/gerard/Development/zbasetools/zcontent/zindexedfile/zsearchtoken.h> relative path is <zindexedfile/zsearchtoken.h>
copying file </home/gerard/Development/zbasetools/zcontent/zindexedfile/zsearchtoken.h> -> </home/gerard/Development/zbasetools/include/zcontent/zindexedfile/zsearchtoken.h>
File </home/gerard/Development/zbasetools/include/zcontent/zindexedfile/zsearchtoken.h> has been copied
Source Path is </home/gerard/Development/zbasetools/zcontent/zindexedfile/zsearchtokenizer.h> relative path is <zindexedfile/zsearchtokenizer.h>
copying file </home/gerard/Development/zbasetools/zcontent/zindexedfile/zsearchtokenizer.h> -> </home/gerard/Development/zbasetools/include/zcontent/zindexedfile/zsearchtokenizer.h>
File </home/gerard/Development/zbasetools/include/zcontent/zindexedfile/zsearchtokenizer.h> has been copied
Source Path is </home/gerard/Development/zbasetools/zcontent/zindexedfile/zselclause.h> relative path is <zindexedfile/zselclause.h>
copying file </home/gerard/Development/zbasetools/zcontent/zindexedfile/zselclause.h> -> </home/gerard/Development/zbasetools/include/zcontent/zindexedfile/zselclause.h>
File </home/gerard/Development/zbasetools/include/zcontent/zindexedfile/zselclause.h> has been copied

Phase 2 :
Taking care of library file(s)
Phase 2.0- Ensuring library name(s) are correct
Got library name <zcontent>
Usable library name <libzcontent.so>
2.1-Cleaning library file(s) from target destination
system command <rm -v /home/gerard/Development/zbasetools/bin/debug/libzcontent.so*>
removed '/home/gerard/Development/zbasetools/bin/debug/libzcontent.so'
removed '/home/gerard/Development/zbasetools/bin/debug/libzcontent.so.1'
removed '/home/gerard/Development/zbasetools/bin/debug/libzcontent.so.1.0'
removed '/home/gerard/Development/zbasetools/bin/debug/libzcontent.so.1.0.0'
2.2-Copying library file(s) to his(their) target destination
system command <cp -v libzcontent.so* /home/gerard/Development/zbasetools/bin/debug>
'libzcontent.so' -> '/home/gerard/Development/zbasetools/bin/debug/libzcontent.so'
'libzcontent.so.1' -> '/home/gerard/Development/zbasetools/bin/debug/libzcontent.so.1'
'libzcontent.so.1.0' -> '/home/gerard/Development/zbasetools/bin/debug/libzcontent.so.1.0'
'libzcontent.so.1.0.0' -> '/home/gerard/Development/zbasetools/bin/debug/libzcontent.so.1.0.0'

-------python script ended at 2024-05-21 11:51:15.022950------------

     Error(s)                0
     Warning(s)              6
     Include files copied    81
